** Drc report for igbt_pcb.kicad_pcb **
** Created on 2026-05-17T16:56:42 **
** Report includes: Errors, Warnings **

** Found 15 DRC violations **
[lib_footprint_issues]: Footprint 'TestPoint_THTPad_D4.0mm_Drill3.2mm' not found in library 'TestPoint'
    Local override; warning
    @(95.0000 mm, 64.0000 mm): Footprint J5
[lib_footprint_issues]: Footprint 'C_Rect_L18.0mm_W5.0mm_P15.00mm' not found in library 'Capacitor_THT'
    Local override; warning
    @(62.0000 mm, 46.0000 mm): Footprint C1
[lib_footprint_issues]: Footprint 'TerminalBlock_bornier-1_P5.08mm' not found in library 'TerminalBlock'
    Local override; warning
    @(47.0000 mm, 3.0000 mm): Footprint J2
[lib_footprint_issues]: Footprint 'TestPoint_THTPad_D4.0mm_Drill3.2mm' not found in library 'TestPoint'
    Local override; warning
    @(50.0000 mm, 64.0000 mm): Footprint J4
[lib_footprint_issues]: The current configuration does not include the footprint library 'Connector_PinHeader_5.08mm'
    Local override; warning
    @(3.0000 mm, 6.4600 mm): Footprint J1
[lib_footprint_issues]: Footprint 'R_Axial_DIN0207_L6.3mm_D2.5mm_P10.16mm_Vertical_L7.0mm' not found in library 'Resistor_THT'
    Local override; warning
    @(38.0000 mm, 35.0000 mm): Footprint R2
[lib_footprint_issues]: Footprint 'TerminalBlock_bornier-1_P5.08mm' not found in library 'TerminalBlock'
    Local override; warning
    @(47.0000 mm, 16.0000 mm): Footprint J3
[silk_over_copper]: Silkscreen clipped by solder mask
    Local override; warning
    @(63.0800 mm, 40.0000 mm): Reference field of R4
[silk_over_copper]: Silkscreen clipped by solder mask
    Local override; warning
    @(33.6000 mm, 8.5600 mm): Reference field of C3
[silk_over_copper]: Silkscreen clipped by solder mask
    Local override; warning
    @(30.5000 mm, 7.3100 mm): Reference field of C2
[silk_over_copper]: Silkscreen clipped by solder mask
    Local override; warning
    @(50.0000 mm, 59.0000 mm): Reference field of J4
[silk_over_copper]: Silkscreen clipped by solder mask
    Local override; warning
    @(38.0000 mm, 30.0000 mm): Reference field of R2
[silk_overlap]: Silkscreen clearance
    Rule: board setup constraints silk; warning
    @(48.0800 mm, 46.6300 mm): Reference field of R3
    @(44.1600 mm, 46.9200 mm): Segment of D2 on F.Silkscreen
[silk_overlap]: Silkscreen clearance
    Rule: board setup constraints silk; warning
    @(50.0000 mm, 58.3520 mm): Reference field of TP8
    @(50.0000 mm, 59.0000 mm): Reference field of J4
[silk_overlap]: Silkscreen clearance
    Rule: board setup constraints silk; warning
    @(50.0000 mm, 60.0000 mm): Circle of TP8 on F.Silkscreen
    @(50.0000 mm, 59.0000 mm): Reference field of J4

** Found 0 unconnected pads **

** Found 0 Footprint errors **

** Ignored checks **
    - Footprint has no courtyard defined
    - Track endpoint not centered on via
    - Tuning profile track geometries
    - Footprint doesn't match symbol's footprint filters
    - Footprint component type doesn't match footprint pads

** End of Report **
